------------------------------------------------------------
TimeQuest Timing Analyzer Summary
------------------------------------------------------------

Type  : Slow 1200mV 85C Model Setup 'pll1|altpll_component|auto_generated|pll1|clk[0]'
Slack : -2.455
TNS   : -143.235

Type  : Slow 1200mV 85C Model Setup 'key_inner[0]'
Slack : 0.210
TNS   : 0.000

Type  : Slow 1200mV 85C Model Hold 'key_inner[0]'
Slack : 0.445
TNS   : 0.000

Type  : Slow 1200mV 85C Model Hold 'pll1|altpll_component|auto_generated|pll1|clk[0]'
Slack : 0.637
TNS   : 0.000

Type  : Slow 1200mV 85C Model Minimum Pulse Width 'key_inner[0]'
Slack : -1.285
TNS   : -1.285

Type  : Slow 1200mV 85C Model Minimum Pulse Width 'CLOCK_50'
Slack : 9.819
TNS   : 0.000

Type  : Slow 1200mV 85C Model Minimum Pulse Width 'pll1|altpll_component|auto_generated|pll1|clk[0]'
Slack : 499.698
TNS   : 0.000

Type  : Slow 1200mV 0C Model Setup 'pll1|altpll_component|auto_generated|pll1|clk[0]'
Slack : -2.102
TNS   : -121.436

Type  : Slow 1200mV 0C Model Setup 'key_inner[0]'
Slack : 0.297
TNS   : 0.000

Type  : Slow 1200mV 0C Model Hold 'key_inner[0]'
Slack : 0.398
TNS   : 0.000

Type  : Slow 1200mV 0C Model Hold 'pll1|altpll_component|auto_generated|pll1|clk[0]'
Slack : 0.582
TNS   : 0.000

Type  : Slow 1200mV 0C Model Minimum Pulse Width 'key_inner[0]'
Slack : -1.285
TNS   : -1.285

Type  : Slow 1200mV 0C Model Minimum Pulse Width 'CLOCK_50'
Slack : 9.799
TNS   : 0.000

Type  : Slow 1200mV 0C Model Minimum Pulse Width 'pll1|altpll_component|auto_generated|pll1|clk[0]'
Slack : 499.690
TNS   : 0.000

Type  : Fast 1200mV 0C Model Setup 'pll1|altpll_component|auto_generated|pll1|clk[0]'
Slack : -1.084
TNS   : -63.971

Type  : Fast 1200mV 0C Model Setup 'key_inner[0]'
Slack : 0.624
TNS   : 0.000

Type  : Fast 1200mV 0C Model Hold 'key_inner[0]'
Slack : 0.206
TNS   : 0.000

Type  : Fast 1200mV 0C Model Hold 'pll1|altpll_component|auto_generated|pll1|clk[0]'
Slack : 0.289
TNS   : 0.000

Type  : Fast 1200mV 0C Model Minimum Pulse Width 'key_inner[0]'
Slack : -1.000
TNS   : -1.000

Type  : Fast 1200mV 0C Model Minimum Pulse Width 'CLOCK_50'
Slack : 9.400
TNS   : 0.000

Type  : Fast 1200mV 0C Model Minimum Pulse Width 'pll1|altpll_component|auto_generated|pll1|clk[0]'
Slack : 499.788
TNS   : 0.000

------------------------------------------------------------
